Hello my test repo.h h h h h  
 